задание: 2.1.3
проект: 211-command-usb
устройство: 2e8a:000a
серийный номер: 53032847190B8C1C
порт: COM3
начало: 2026-10-01T23:06:54
   0.000 --> mem_info
   0.177 <-- mem_info
   0.179 <-- dbg read_line:101 got mem_info
   0.183 <-- area       start      end        size
   0.184 <-- flash      0x10000000 0x10200000  2097152
   0.184 <-- sram       0x20000000 0x20042000   270336
   0.185 <-- rom        0x00000000 0x00004000    16384
   0.186 <-- image      0x10000000 0x100083b0    33712
   0.187 <-- free       0x100083b0 0x10200000  2063440
   0.187 <-- boot2      0x10000000 0x10000100      256
   0.188 <-- text       0x10000100 0x100073c0    29376
   0.188 <-- data flash 0x100073c0 0x100083b0     4080
   0.189 <-- data ram   0x200000c0 0x200010b0     4080
   0.189 <-- bss        0x200010b0 0x20001cec     3132
   0.193 <-- heap       0x20001cec 0x20040000   254740
   0.195 <-- stack      0x20041800 0x20042000     2048
   0.195 <-- total
   0.196 <-- flash image 33712  = boot2 256  + text 29376  + data 4080
   0.196 <-- flash free 2063440  of 0
   0.197 <-- ram used 7212   = data 4080   + bss 3132
   0.702 <-- ram free 254740 for heap and 2048   for stack
итог: отправлено команд 1, принято строк 20
